dadfadffsd

